$ ./test_bst_iterator
== Creating BST...

== Inserting 13 values into BST...

== Creating iterator over BST...

== Using iterator to enumerate BST: key / value (expected)
  -   8 /   8 (  8)
  -  16 /  16 ( 16)
  -  24 /  24 ( 24)
  -  32 /  32 ( 32)
  -  48 /  48 ( 48)
  -  56 /  56 ( 56)
  -  64 /  64 ( 64)
  -  80 /  80 ( 80)
  -  88 /  88 ( 88)
  -  96 /  96 ( 96)
  - 104 / 104 (104)
  - 112 / 112 (112)
  - 120 / 120 (120)

== Making sure all nodes were visited (expect 1): 1
== Making sure no nodes left to visit in iterator (expect 0): 0
